
user@Taseen MINGW64 /h/My Drive/Data Science/OML/05_Practice_Notebooks/Module-8
$ mkdir git-practice-readul

user@Taseen MINGW64 /h/My Drive/Data Science/OML/05_Practice_Notebooks/Module-8
$ cd git-practice-readul

user@Taseen MINGW64 /h/My Drive/Data Science/OML/05_Practice_Notebooks/Module-8/git-practice-readul
$ git init
Initialized empty Git repository in H:/My Drive/Data Science/OML/05_Practice_Notebooks/Module-8/git-practice-readu
l/.git/

user@Taseen MINGW64 /h/My Drive/Data Science/OML/05_Practice_Notebooks/Module-8/git-practice-readul (master)
$ mkdir src

user@Taseen MINGW64 /h/My Drive/Data Science/OML/05_Practice_Notebooks/Module-8/git-practice-readul (master)
$ mkdir docs

user@Taseen MINGW64 /h/My Drive/Data Science/OML/05_Practice_Notebooks/Module-8/git-practice-readul (master)
$ dir
docs  src

user@Taseen MINGW64 /h/My Drive/Data Science/OML/05_Practice_Notebooks/Module-8/git-practice-readul (master)
$ type nul > README.md
bash: type: nul: not found

user@Taseen MINGW64 /h/My Drive/Data Science/OML/05_Practice_Notebooks/Module-8/git-practice-readul (master)
$ touch README.md

user@Taseen MINGW64 /h/My Drive/Data Science/OML/05_Practice_Notebooks/Module-8/git-practice-readul (master)
$ ls
README.md  docs/  src/

user@Taseen MINGW64 /h/My Drive/Data Science/OML/05_Practice_Notebooks/Module-8/git-practice-readul (master)
$ touch .gitignore

user@Taseen MINGW64 /h/My Drive/Data Science/OML/05_Practice_Notebooks/Module-8/git-practice-readul (master)
$ ls
README.md  docs/  src/

user@Taseen MINGW64 /h/My Drive/Data Science/OML/05_Practice_Notebooks/Module-8/git-practice-readul (master)
$ cd src

user@Taseen MINGW64 /h/My Drive/Data Science/OML/05_Practice_Notebooks/Module-8/git-practice-readul/src (master)
$ ls

user@Taseen MINGW64 /h/My Drive/Data Science/OML/05_Practice_Notebooks/Module-8/git-practice-readul/src (master)
$ touch main.py

user@Taseen MINGW64 /h/My Drive/Data Science/OML/05_Practice_Notebooks/Module-8/git-practice-readul/src (master)
$ touch utils.py

user@Taseen MINGW64 /h/My Drive/Data Science/OML/05_Practice_Notebooks/Module-8/git-practice-readul/src (master)
$ ls
main.py  utils.py

user@Taseen MINGW64 /h/My Drive/Data Science/OML/05_Practice_Notebooks/Module-8/git-practice-readul/src (master)
$ cd ..

user@Taseen MINGW64 /h/My Drive/Data Science/OML/05_Practice_Notebooks/Module-8/git-practice-readul (master)
$ ls
README.md  docs/  src/

user@Taseen MINGW64 /h/My Drive/Data Science/OML/05_Practice_Notebooks/Module-8/git-practice-readul (master)
$ cd docs

user@Taseen MINGW64 /h/My Drive/Data Science/OML/05_Practice_Notebooks/Module-8/git-practice-readul/docs (master)
$ touch project-description.md

user@Taseen MINGW64 /h/My Drive/Data Science/OML/05_Practice_Notebooks/Module-8/git-practice-readul/docs (master)
$ cd ..

user@Taseen MINGW64 /h/My Drive/Data Science/OML/05_Practice_Notebooks/Module-8/git-practice-readul (master)
$ ls
README.md  docs/  src/

user@Taseen MINGW64 /h/My Drive/Data Science/OML/05_Practice_Notebooks/Module-8/git-practice-readul (master)
$ git add .

user@Taseen MINGW64 /h/My Drive/Data Science/OML/05_Practice_Notebooks/Module-8/git-practice-readul (master)
$ git commit -m "Initial commit: project structure and basic program"
[master (root-commit) 1187a83] Initial commit: project structure and basic program
 6 files changed, 5 insertions(+)
 create mode 100644 .gitignore
 create mode 100644 README.md
 create mode 100644 docs/project-description.md
 create mode 100644 git-bash-command.txt
 create mode 100644 src/main.py
 create mode 100644 src/utils.py

user@Taseen MINGW64 /h/My Drive/Data Science/OML/05_Practice_Notebooks/Module-8/git-practice-readul (master)
$ git add .gitignore

user@Taseen MINGW64 /h/My Drive/Data Science/OML/05_Practice_Notebooks/Module-8/git-practice-readul (master)
$ git commit -m "Add gitignore file"
[master 6a7a1b6] Add gitignore file
 3 files changed, 84 insertions(+)

user@Taseen MINGW64 /h/My Drive/Data Science/OML/05_Practice_Notebooks/Module-8/git-practice-readul (master)
$ git checkout -b feature/calculator
Switched to a new branch 'feature/calculator'

user@Taseen MINGW64 /h/My Drive/Data Science/OML/05_Practice_Notebooks/Module-8/git-practice-readul (feature/calculator)
$ git add .

user@Taseen MINGW64 /h/My Drive/Data Science/OML/05_Practice_Notebooks/Module-8/git-practice-readul (feature/calculator)
$ git commit -m "Add basic calculator functions"
[feature/calculator fcbf1e4] Add basic calculator functions
 3 files changed, 36 insertions(+), 1 deletion(-)

user@Taseen MINGW64 /h/My Drive/Data Science/OML/05_Practice_Notebooks/Module-8/git-practice-readul (feature/calculator)
$ git checkout main
error: pathspec 'main' did not match any file(s) known to git

user@Taseen MINGW64 /h/My Drive/Data Science/OML/05_Practice_Notebooks/Module-8/git-practice-readul (feature/calculator)
$ git checkout master
Switched to branch 'master'

user@Taseen MINGW64 /h/My Drive/Data Science/OML/05_Practice_Notebooks/Module-8/git-practice-readul (master)
$ git merge feature/calculator
Updating 6a7a1b6..fcbf1e4
Fast-forward
 git-bash-command.txt | 23 +++++++++++++++++++++++
 src/main.py          |  8 +++++++-
 src/utils.py         |  6 ++++++
 3 files changed, 36 insertions(+), 1 deletion(-)

user@Taseen MINGW64 /h/My Drive/Data Science/OML/05_Practice_Notebooks/Module-8/git-practice-readul (master)
$ git brach -d feature/calculator
git: 'brach' is not a git command. See 'git --help'.

The most similar command is
        branch


user@Taseen MINGW64 /h/My Drive/Data Science/OML/05_Practice_Notebooks/Module-8/git-practice-readul (main)
$ git remote add origin https://github.com/readulislamtamim/git-practice-readul.git

user@Taseen MINGW64 /h/My Drive/Data Science/OML/05_Practice_Notebooks/Module-8/git-practice-readul (main)
$ git branch -M main

user@Taseen MINGW64 /h/My Drive/Data Science/OML/05_Practice_Notebooks/Module-8/git-practice-readul (main)
$ git push -u origin main
Enumerating objects: 18, done.
Counting objects: 100% (18/18), done.
Delta compression using up to 8 threads
Compressing objects: 100% (16/16), done.
Writing objects: 100% (18/18), 2.05 KiB | 110.00 KiB/s, done.
Total 18 (delta 3), reused 0 (delta 0), pack-reused 0 (from 0)
remote: Resolving deltas: 100% (3/3), done.
To https://github.com/readulislamtamim/git-practice-readul.git
 * [new branch]      main -> main
branch 'main' set up to track 'origin/main'.

user@Taseen MINGW64 /h/My Drive/Data Science/OML/05_Practice_Notebooks/Module-8/git-practice-readul (main)
$ git add .

user@Taseen MINGW64 /h/My Drive/Data Science/OML/05_Practice_Notebooks/Module-8/git-practice-readul (main)
$ git commit -m "Improve README formatting"
[main 2bfcf4e] Improve README formatting
 2 files changed, 63 insertions(+), 2 deletions(-)

user@Taseen MINGW64 /h/My Drive/Data Science/OML/05_Practice_Notebooks/Module-8/git-practice-readul (main)
$ git add .

user@Taseen MINGW64 /h/My Drive/Data Science/OML/05_Practice_Notebooks/Module-8/git-practice-readul (main)
$ git commit -m "Add multiply function"
[main 25659ce] Add multiply function
 2 files changed, 6 insertions(+), 2 deletions(-)

user@Taseen MINGW64 /h/My Drive/Data Science/OML/05_Practice_Notebooks/Module-8/git-practice-readul (main)
$ git add .

user@Taseen MINGW64 /h/My Drive/Data Science/OML/05_Practice_Notebooks/Module-8/git-practice-readul (main)
$ git commit -m "Update project description"
[main f0762df] Update project description
 2 files changed, 23 insertions(+)
